<?xml version="1.0" encoding="utf-8"?><testsuites name="pytest tests"><testsuite name="pytest" errors="0" failures="0" skipped="0" tests="11" time="0.378" timestamp="2025-08-29T14:18:56.154326+03:00" hostname="ubuntu"><testcase classname="tests.api.test_admin" name="test_admin_routes_require_auth_returns_401_json" time="0.150" /><testcase classname="tests.api.test_admin" name="test_admin_routes_authorized_list_ok" time="0.023" /><testcase classname="tests.api.test_pois" name="test_list_pois_minimal" time="0.042" /><testcase classname="tests.api.test_pois" name="test_list_pois_invalid_limit_returns_400" time="0.014" /><testcase classname="tests.api.test_pois" name="test_search_pois_requires_query_param" time="0.013" /><testcase classname="tests.api.test_pois" name="test_search_pois_with_query_ok" time="0.028" /><testcase classname="tests.api.test_pois" name="test_get_single_poi_not_found" time="0.021" /><testcase classname="tests.api.test_routes" name="test_list_routes_minimal" time="0.011" /><testcase classname="tests.api.test_routes" name="test_route_geometry_endpoint_exists" time="0.012" /><testcase classname="tests.api.test_routes" name="test_list_routes_invalid_limit_returns_400" time="0.011" /><testcase classname="tests.api.test_routes" name="test_route_statistics_shape" time="0.010" /></testsuite></testsuites>